[0.011s] Invoking command in '/home/ubuntu/repositories/cotidie/steady/robots/build/playground': CMAKE_PREFIX_PATH=${CMAKE_PREFIX_PATH}:/opt/ros/jazzy /usr/bin/cmake /home/ubuntu/repositories/cotidie/steady/robots/src/playground -DCMAKE_INSTALL_PREFIX=/home/ubuntu/repositories/cotidie/steady/robots/install/playground
[0.173s] -- The C compiler identification is GNU 13.3.0
[0.285s] -- The CXX compiler identification is GNU 13.3.0
[0.305s] -- Detecting C compiler ABI info
[0.421s] -- Detecting C compiler ABI info - done
[0.430s] -- Check for working C compiler: /usr/bin/cc - skipped
[0.430s] -- Detecting C compile features
[0.431s] -- Detecting C compile features - done
[0.443s] -- Detecting CXX compiler ABI info
[0.557s] -- Detecting CXX compiler ABI info - done
[0.565s] -- Check for working CXX compiler: /usr/bin/c++ - skipped
[0.565s] -- Detecting CXX compile features
[0.566s] -- Detecting CXX compile features - done
[0.572s] -- Found ament_cmake: 2.5.6 (/opt/ros/jazzy/share/ament_cmake/cmake)
[0.714s] -- Found Python3: /usr/bin/python3 (found version "3.12.3") found components: Interpreter 
[0.800s] -- Found ament_lint_auto: 0.17.5 (/opt/ros/jazzy/share/ament_lint_auto/cmake)
[0.901s] -- Added test 'lint_cmake' to check CMake code style
[0.902s] -- Added test 'xmllint' to check XML markup files
[0.903s] -- Configuring done (0.8s)
[0.905s] -- Generating done (0.0s)
[0.907s] -- Build files have been written to: /home/ubuntu/repositories/cotidie/steady/robots/build/playground
[0.910s] Invoked command in '/home/ubuntu/repositories/cotidie/steady/robots/build/playground' returned '0': CMAKE_PREFIX_PATH=${CMAKE_PREFIX_PATH}:/opt/ros/jazzy /usr/bin/cmake /home/ubuntu/repositories/cotidie/steady/robots/src/playground -DCMAKE_INSTALL_PREFIX=/home/ubuntu/repositories/cotidie/steady/robots/install/playground
[0.912s] Invoking command in '/home/ubuntu/repositories/cotidie/steady/robots/build/playground': CMAKE_PREFIX_PATH=${CMAKE_PREFIX_PATH}:/opt/ros/jazzy /usr/bin/cmake --build /home/ubuntu/repositories/cotidie/steady/robots/build/playground -- -j12 -l12
[0.944s] Invoked command in '/home/ubuntu/repositories/cotidie/steady/robots/build/playground' returned '0': CMAKE_PREFIX_PATH=${CMAKE_PREFIX_PATH}:/opt/ros/jazzy /usr/bin/cmake --build /home/ubuntu/repositories/cotidie/steady/robots/build/playground -- -j12 -l12
[0.954s] Invoking command in '/home/ubuntu/repositories/cotidie/steady/robots/build/playground': CMAKE_PREFIX_PATH=${CMAKE_PREFIX_PATH}:/opt/ros/jazzy /usr/bin/cmake --install /home/ubuntu/repositories/cotidie/steady/robots/build/playground
[0.962s] -- Install configuration: ""
[0.962s] -- Installing: /home/ubuntu/repositories/cotidie/steady/robots/install/playground/share/ament_index/resource_index/package_run_dependencies/playground
[0.962s] -- Installing: /home/ubuntu/repositories/cotidie/steady/robots/install/playground/share/ament_index/resource_index/parent_prefix_path/playground
[0.962s] -- Installing: /home/ubuntu/repositories/cotidie/steady/robots/install/playground/share/playground/environment/ament_prefix_path.sh
[0.962s] -- Installing: /home/ubuntu/repositories/cotidie/steady/robots/install/playground/share/playground/environment/ament_prefix_path.dsv
[0.962s] -- Installing: /home/ubuntu/repositories/cotidie/steady/robots/install/playground/share/playground/environment/path.sh
[0.963s] -- Installing: /home/ubuntu/repositories/cotidie/steady/robots/install/playground/share/playground/environment/path.dsv
[0.963s] -- Installing: /home/ubuntu/repositories/cotidie/steady/robots/install/playground/share/playground/local_setup.bash
[0.963s] -- Installing: /home/ubuntu/repositories/cotidie/steady/robots/install/playground/share/playground/local_setup.sh
[0.963s] -- Installing: /home/ubuntu/repositories/cotidie/steady/robots/install/playground/share/playground/local_setup.zsh
[0.963s] -- Installing: /home/ubuntu/repositories/cotidie/steady/robots/install/playground/share/playground/local_setup.dsv
[0.963s] -- Installing: /home/ubuntu/repositories/cotidie/steady/robots/install/playground/share/playground/package.dsv
[0.964s] -- Installing: /home/ubuntu/repositories/cotidie/steady/robots/install/playground/share/ament_index/resource_index/packages/playground
[0.964s] -- Installing: /home/ubuntu/repositories/cotidie/steady/robots/install/playground/share/playground/cmake/playgroundConfig.cmake
[0.964s] -- Installing: /home/ubuntu/repositories/cotidie/steady/robots/install/playground/share/playground/cmake/playgroundConfig-version.cmake
[0.964s] -- Installing: /home/ubuntu/repositories/cotidie/steady/robots/install/playground/share/playground/package.xml
[0.965s] Invoked command in '/home/ubuntu/repositories/cotidie/steady/robots/build/playground' returned '0': CMAKE_PREFIX_PATH=${CMAKE_PREFIX_PATH}:/opt/ros/jazzy /usr/bin/cmake --install /home/ubuntu/repositories/cotidie/steady/robots/build/playground
